Turbo Assembler	 Version 3.2	    02/04/07 19:29:15	    Page 1
hello1.asm



      1				       IDEAL
      2	0000			       MODEL small
      3	0000			       STACK 256
      4	0100			       DATASEG
      5	0000  00		       ExCode	     DB	     0
      6	0001  96 A5 20 E7 A0 E1	20+    Promt DB	     'Це час пiсля полудня? (Так/Нi - y/n)'
      7	      AF 69 E1 AB EF 20	AF+
      8	      AE AB E3 A4 AD EF	3F+
      9	      20 28 92 A0 AA 2F	8D+
     10	      69 20 2D 20 79 2F	6E+
     11	      29
     12	0025  0D 0A 84 AE A1 E0	AE+    GoodMorning   DB	     13,10,'Доброго ранку!',13,10,'$'
     13	      A3 AE 20 E0 A0 AD	AA+
     14	      E3 21 0D 0A 24
     15	0038  0D 0A 87 A4 E0 A0	E1+    GoodAfternoon DB	     13,10,'Здрастуйте!',13,10,'$'
     16	      E2 E3 A9 E2 A5 21	0D+
     17	      0A 24
     18	0048				     CODESEG
     19				       Start mov ax,@data    ;Установка	в ds адреси сегмента
**Error** hello1.asm(10) Illegal instruction
     20	0000  8E D8			     mov ds,ax	     ;даних
     21	0002  BA 0001r			     mov dx,OFFSET Promt     ;Повiдомлення-запит
     22					     move ah,9	     ;Функцiя DOS виводу повiдомлення
**Error** hello1.asm(13) Illegal instruction
     23	0005  CD 21			     int 21h ;на екран
     24	0007  B4 01			     mov ah,1	     ;Функцiя DOS ввода	символа	з
     25	0009  CD 21			     int 21h ;клав?атури
     26	000B  3C 79			     cmp al,'y'	     ;y?
     27	000D  74 04			     jz	IsAfternoon  ;так, час пiсля полудня
     28	000F  3C 6E			     cmp al,'n'	     ;n?
     29	0011  74 05			     jz	IsMorning    ;нi, до полудня
     30	0013  BA 0038r		       IsAfternoon:  mov dx,OFFSET GoodAfternoon     ;Вказiвка на "Здрастуйте"
     31	0016  EB E8			     jmp SHORT Disp
**Error** hello1.asm(22) Undefined symbol: DISP
     32	0018  BA 0025r		       IsMorning:    mov dx,OFFSET GoodMorning	     ;Вказiвка на "Доброго ранку"
     33	001B  B4 09		       1Disp:	     mov ah,9	     ;Функцiя DOS виводу повiдомлення на
**Error** hello1.asm(24) Labels	can't start with numeric characters: 1DISP
     34	001D  CD 21			     int 21h ;екран
     35	001F  B4 4C		       Exit: mov ah,4ch	     ;Функцiя DOS- вихiд з програми
     36	0021  A0 0000r			     mov al,ExCode   ;Повернення коду помилки
*Warning* hello1.asm(27) Pointer expression needs brackets
     37	0024  CD 21			     int 21h ;Виклик DOS. Останов програми.
     38					     END Start	     ;Кiнець програми/точка входу
**Error** hello1.asm(29) Undefined symbol: START
Turbo Assembler	 Version 3.2	    02/04/07 19:29:15	    Page 2
Error Summary



**Error** hello1.asm(10) Illegal instruction
**Error** hello1.asm(13) Illegal instruction
**Error** hello1.asm(22) Undefined symbol: DISP
**Error** hello1.asm(24) Labels	can't start with numeric characters: 1DISP
*Warning* hello1.asm(27) Pointer expression needs brackets
**Error** hello1.asm(29) Undefined symbol: START
